// Jest Snapshot v1, https://goo.gl/fbAQLP

exports[`<Avatar/> should render currectly 1`] = `
.c0 {
  border: 2px solid #1F2A48;
  width: 120px;
  height: 120px;
  border-radius: 50%;
  overflow: hidden;
  padding: 4px;
}

.c0 img {
  width: 100%;
  border-radius: 50%;
}

<body>
  <div>
    <div
      class="c0"
    >
      <img
        alt="User Avatar"
        src="my_url"
        title="User Avatar"
      />
    </div>
  </div>
</body>
`;
